Γû▓ Next.js 16.1.6 (Turbopack)
- Experiments (use with caution):
  ┬╖ optimizePackageImports

node.exe : 
At line:1 char:1
+ & "C:\Program 
Files\nodejs/node.exe" 
"C:\Users\Shankar 
R\AppData\Roam ...
+ ~~~~~~~~~~~~~~~~~~~~~~~~~~
~~~~~~~~~~~~~~~~~~~~~~~~~~~~
~~~~~~~~~~~~~~~
    + CategoryInfo          
    : NotSpecified: (:Stri  
  ng) [], RemoteException
    + FullyQualifiedErrorId 
    : NativeCommandError
 
> Build error occurred
Error: Both middleware file 
"./src\src\middleware.ts" 
and proxy file 
"./src\src\proxy.ts" are 
detected. Please use 
"./src\src\proxy.ts" only. 
Learn more: https://nextjs.o
rg/docs/messages/middleware-
to-proxy
    at ignore-listed frames
