playwright.config.ts(1,39): error TS2307: Cannot find module '@playwright/test' or its corresponding type declarations.
src/app/(corporate)/corporate/candidates/[id]/page.tsx(4,1): error TS6133: 'useParams' is declared but its value is never read.
src/app/(mentor)/layout.tsx(6,23): error TS6133: 'useRouter' is declared but its value is never read.
src/app/(student)/hackathons/[hackathonId]/team/page.tsx(8,3): error TS6133: 'Users' is declared but its value is never read.
src/app/(student)/ide/page.tsx(3,31): error TS6133: 'useRef' is declared but its value is never read.
src/app/(student)/labs/electrical/page.tsx(17,1): error TS6133: 'Slider' is declared but its value is never read.
src/app/(student)/labs/mechanical/page.tsx(14,1): error TS6192: All imports in import declaration are unused.
src/app/(student)/student/hackathons/page.tsx(10,3): error TS6133: 'Clock' is declared but its value is never read.
src/app/(student)/student/hackathons/page.tsx(11,3): error TS6133: 'Zap' is declared but its value is never read.
src/app/(student)/student/hackathons/page.tsx(12,3): error TS6133: 'ChevronRight' is declared but its value is never read.
src/app/(student)/student/hackathons/page.tsx(14,3): error TS6133: 'Filter' is declared but its value is never read.
src/app/(student)/student/hackathons/page.tsx(16,3): error TS6133: 'Code2' is declared but its value is never read.
src/app/(student)/student/hackathons/page.tsx(19,3): error TS6133: 'Shield' is declared but its value is never read.
src/app/(student)/student/hackathons/page.tsx(24,3): error TS6133: 'MapPin' is declared but its value is never read.
src/app/(student)/student/hackathons/page.tsx(133,7): error TS6133: 'difficultyConfig' is declared but its value is never read.
src/app/(student)/student/hackathons/page.tsx(142,28): error TS6133: 'setDifficultyFilter' is declared but its value is never read.
src/app/(student)/student/jobs/page.tsx(14,3): error TS6133: 'Filter' is declared but its value is never read.
src/app/(student)/student/jobs/page.tsx(15,3): error TS6133: 'ChevronDown' is declared but its value is never read.
src/app/(student)/student/jobs/page.tsx(16,3): error TS6133: 'ArrowRight' is declared but its value is never read.
src/app/(student)/student/jobs/page.tsx(17,3): error TS6133: 'Star' is declared but its value is never read.
src/app/(student)/student/jobs/page.tsx(20,3): error TS6133: 'FileText' is declared but its value is never read.
src/app/(student)/student/jobs/page.tsx(22,3): error TS6133: 'XCircle' is declared but its value is never read.
src/app/(student)/student/jobs/page.tsx(23,3): error TS6133: 'Eye' is declared but its value is never read.
src/app/(student)/student/jobs/page.tsx(26,3): error TS6133: 'ExternalLink' is declared but its value is never read.
src/app/(student)/student/jobs/page.tsx(159,28): error TS6133: 'setExperienceFilter' is declared but its value is never read.
src/app/(student)/student/library/page.tsx(15,3): error TS6133: 'Star' is declared but its value is never read.
src/app/(student)/student/library/page.tsx(16,3): error TS6133: 'ArrowLeft' is declared but its value is never read.
src/app/(student)/student/library/page.tsx(17,3): error TS6133: 'Menu' is declared but its value is never read.
src/app/(student)/student/library/page.tsx(18,3): error TS6133: 'X' is declared but its value is never read.
src/app/(student)/student/library/page.tsx(19,3): error TS6133: 'Brain' is declared but its value is never read.
src/app/(student)/student/library/page.tsx(25,1): error TS6133: 'Button' is declared but its value is never read.
src/app/(student)/student/library/page.tsx(162,10): error TS6133: 'showSidebar' is declared but its value is never read.
src/app/(student)/student/library/page.tsx(162,23): error TS6133: 'setShowSidebar' is declared but its value is never read.
src/app/(student)/student/library/page.tsx(175,9): error TS6133: 'stats' is declared but its value is never read.
src/app/(student)/student/portfolio/page.tsx(9,3): error TS6133: 'Code2' is declared but its value is never read.
src/app/(student)/student/portfolio/page.tsx(11,3): error TS6133: 'Calendar' is declared but its value is never read.
src/app/(student)/student/portfolio/page.tsx(12,3): error TS6133: 'Users' is declared but its value is never read.
src/app/(student)/student/portfolio/page.tsx(13,3): error TS6133: 'ExternalLink' is declared but its value is never read.
src/app/(student)/student/portfolio/page.tsx(18,3): error TS6133: 'CheckCircle2' is declared but its value is never read.
src/app/(student)/student/portfolio/page.tsx(23,29): error TS6133: 'CardHeader' is declared but its value is never read.
src/app/(student)/student/portfolio/page.tsx(23,41): error TS6133: 'CardTitle' is declared but its value is never read.
src/app/(student)/student/portfolio/page.tsx(38,11): error TS6196: 'HackathonRegistration' is declared but never used.
src/app/(student)/student/portfolio/page.tsx(71,10): error TS6133: 'registrations' is declared but its value is never read.
src/app/(student)/student/portfolio/page.tsx(71,25): error TS6133: 'setRegistrations' is declared but its value is never read.
src/app/(student)/student/profile/page.tsx(3,8): error TS6133: 'React' is declared but its value is never read.
src/app/(student)/student/profile/page.tsx(23,3): error TS6133: 'CheckCircle2' is declared but its value is never read.
src/app/(student)/student/profile/page.tsx(124,9): error TS6133: 'nextLevelXP' is declared but its value is never read.
src/app/(student)/student/profile/page.tsx(354,40): error TS6133: 'entry' is declared but its value is never read.
src/app/(student)/student/spaces/[id]/page.tsx(13,3): error TS6133: 'Clock' is declared but its value is never read.
src/app/(student)/student/spaces/[id]/page.tsx(22,3): error TS6133: 'Brain' is declared but its value is never read.
src/app/(student)/student/spaces/[id]/page.tsx(198,9): error TS6133: 'router' is declared but its value is never read.
src/app/(student)/student/spaces/[id]/page.tsx(206,10): error TS6133: 'passedTests' is declared but its value is never read.
src/app/(student)/student/spaces/page.tsx(14,3): error TS6133: 'XCircle' is declared but its value is never read.
src/app/(student)/student/spaces/page.tsx(18,3): error TS6133: 'Filter' is declared but its value is never read.
src/app/(student)/tools/page.tsx(3,1): error TS6133: 'React' is declared but its value is never read.
src/app/(student)/tools/page.tsx(5,10): error TS6133: 'Puzzle' is declared but its value is never read.
src/app/global-error.tsx(4,25): error TS6133: 'RefreshCw' is declared but its value is never read.
src/app/not-found.tsx(3,1): error TS6133: 'React' is declared but its value is never read.
src/app/payment/cancel/page.tsx(4,34): error TS6133: 'ChevronLeft' is declared but its value is never read.
src/app/payment/success/page.tsx(3,1): error TS6133: 'useEffect' is declared but its value is never read.
src/app/payment/success/page.tsx(5,24): error TS6133: 'Zap' is declared but its value is never read.
src/app/payment/success/page.tsx(5,37): error TS6133: 'ChevronRight' is declared but its value is never read.
src/app/payment/success/page.tsx(7,16): error TS6133: 'CardContent' is declared but its value is never read.
src/app/tutorials/[pathId]/[courseId]/[lessonId]/page.tsx(3,8): error TS6133: 'React' is declared but its value is never read.
src/app/tutorials/[pathId]/[courseId]/page.tsx(3,8): error TS6133: 'React' is declared but its value is never read.
src/app/tutorials/[pathId]/[courseId]/page.tsx(5,28): error TS6133: 'ChevronRight' is declared but its value is never read.
src/app/tutorials/[pathId]/[courseId]/page.tsx(5,53): error TS6133: 'Loader2' is declared but its value is never read.
src/app/tutorials/[pathId]/[courseId]/page.tsx(9,1): error TS6133: 'Button' is declared but its value is never read.
src/app/tutorials/[pathId]/[courseId]/page.tsx(13,1): error TS6133: 'TutorialTrackSkeleton' is declared but its value is never read.
src/app/tutorials/[pathId]/page.tsx(3,8): error TS6133: 'React' is declared but its value is never read.
src/app/tutorials/[pathId]/page.tsx(8,3): error TS6133: 'Zap' is declared but its value is never read.
src/app/tutorials/[pathId]/page.tsx(9,3): error TS6133: 'Building2' is declared but its value is never read.
src/app/tutorials/[pathId]/page.tsx(13,3): error TS6133: 'ChevronRight' is declared but its value is never read.
src/app/tutorials/[pathId]/page.tsx(14,3): error TS6133: 'Star' is declared but its value is never read.
src/app/tutorials/[pathId]/page.tsx(21,1): error TS6133: 'Button' is declared but its value is never read.
src/app/tutorials/page.tsx(3,1): error TS6133: 'React' is declared but its value is never read.
src/app/tutorials/python/variables/page.tsx(3,1): error TS6192: All imports in import declaration are unused.
src/app/tutorials/python/variables/page.tsx(7,1): error TS6133: 'Badge' is declared but its value is never read.
src/app/tutorials/python/variables/page.tsx(8,1): error TS6133: 'Button' is declared but its value is never read.
src/app/tutorials/python/variables/page.tsx(9,1): error TS6192: All imports in import declaration are unused.
src/app/tutorials/view/[slug]/[lessonId]/page.tsx(3,8): error TS6133: 'React' is declared but its value is never read.
src/app/tutorials/view/[slug]/[lessonId]/page.tsx(9,3): error TS6133: 'Circle' is declared but its value is never read.
src/app/tutorials/view/[slug]/[lessonId]/page.tsx(19,3): error TS6133: 'Clock' is declared but its value is never read.
src/app/tutorials/view/[slug]/[lessonId]/page.tsx(25,1): error TS6133: 'Progress' is declared but its value is never read.
src/components/animations/IsometricHero.tsx(6,1): error TS6192: All imports in import declaration are unused.
src/components/animations/IsometricScene.tsx(4,18): error TS6133: 'AnimatePresence' is declared but its value is never read.
src/components/animations/IsometricScene.tsx(25,7): error TS6133: 'STATS' is declared but its value is never read.
src/components/animations/IsometricScene.tsx(32,7): error TS6133: 'BADGES' is declared but its value is never read.
src/components/auth/StudentLoginForm.tsx(6,18): error TS6133: 'Mail' is declared but its value is never read.
src/components/auth/StudentLoginForm.tsx(7,1): error TS6133: 'cn' is declared but its value is never read.
src/components/auth/StudentSignupForm.tsx(8,18): error TS6133: 'Mail' is declared but its value is never read.
src/components/auth/StudentSignupForm.tsx(8,30): error TS6133: 'ShieldCheck' is declared but its value is never read.
src/components/auth/StudentSignupForm.tsx(9,1): error TS6133: 'cn' is declared but its value is never read.
src/components/avatar/AvatarEditor.tsx(1,27): error TS6133: 'useEffect' is declared but its value is never read.
src/components/avatar/AvatarEditor.tsx(24,7): error TS6133: 'HAIR_TYPES' is declared but its value is never read.
src/components/avatar/AvatarEditor.tsx(25,7): error TS6133: 'EYE_TYPES' is declared but its value is never read.
src/components/avatar/AvatarEditor.tsx(26,7): error TS6133: 'MOUTH_TYPES' is declared but its value is never read.
src/components/branding/Logo.tsx(1,1): error TS6133: 'React' is declared but its value is never read.
src/components/dashboard/GamificationSidebar.tsx(3,1): error TS6133: 'motion' is declared but its value is never read.
src/components/dashboard/GamificationSidebar.tsx(4,58): error TS6133: 'Users' is declared but its value is never read.
src/components/dashboard/LearningPathOverview.tsx(3,1): error TS6133: 'React' is declared but its value is never read.
src/components/dashboard/LearningPathOverview.tsx(5,26): error TS6133: 'CheckCircle2' is declared but its value is never read.
src/components/dashboard/LearningPathOverview.tsx(5,40): error TS6133: 'Lock' is declared but its value is never read.
src/components/devportal/RepoCard.tsx(8,1): error TS6133: 'React' is declared but its value is never read.
src/components/devportal/RepoCard.tsx(12,1): error TS6133: 'cn' is declared but its value is never read.
src/components/devportal/RepoCard.tsx(42,3): error TS6133: 'id' is declared but its value is never read.
src/components/domain-specific/computer-science/Compiler.tsx(25,10): error TS6133: 'isRunning' is declared but its value is never read.
src/components/domain-specific/computer-science/Compiler.tsx(60,9): error TS6133: 'handleSubmit' is declared but its value is never read.
src/components/domain-specific/electrical/CircuitSimulator.tsx(3,28): error TS6133: 'useEffect' is declared but its value is never read.
src/components/domain-specific/electrical/CircuitSimulator.tsx(8,16): error TS6133: 'Pause' is declared but its value is never read.
src/components/domain-specific/electrical/CircuitSimulator.tsx(8,41): error TS6133: 'Upload' is declared but its value is never read.
src/components/domain-specific/electrical/CircuitSimulator.tsx(8,49): error TS6133: 'Zap' is declared but its value is never read.
src/components/domain-specific/electrical/CircuitSimulator.tsx(8,54): error TS6133: 'Plus' is declared but its value is never read.
src/components/domain-specific/electrical/CircuitSimulator.tsx(8,60): error TS6133: 'Minus' is declared but its value is never read.
src/components/domain-specific/electrical/CircuitSimulator.tsx(9,1): error TS6192: All imports in import declaration are unused.
src/components/domain-specific/electrical/CircuitSimulator.tsx(47,20): error TS6133: 'setShowGrid' is declared but its value is never read.
src/components/domain-specific/electrical/CircuitSimulator.tsx(49,9): error TS6133: 'drawCircuit' is declared but its value is never read.
src/components/domain-specific/electrical/CircuitSimulator.tsx(520,3): error TS6133: 'type' is declared but its value is never read.
src/components/domain-specific/mechanical/CADViewer.tsx(32,3): error TS2339: Property 'onMeasure' does not exist on type 'CADViewerProps'.
src/components/domain-specific/mechanical/CADViewer.tsx(32,3): error TS6133: 'onMeasure' is declared but its value is never read.
src/components/domain-specific/mechanical/CADViewer.tsx(44,21): error TS6133: 'setModelInfo' is declared but its value is never read.
src/components/domain-specific/mechanical/CADViewer.tsx(92,5): error TS2741: Property 'isGroup' is missing in type 'Mesh<BoxGeometry, MeshPhongMaterial, Object3DEventMap>' but required in type 'Group<Object3DEventMap>'.
